ffff326c T __aeabi_idiv
ffff33b4 W __aeabi_idiv0
ffff3394 T __aeabi_idivmod
ffff33b4 W __aeabi_ldiv0
ffff0228 T atexit
ffff4620 B __atexit_lock
ffff461c B __auto_semihosting
ffff0510 T __call_exitprocs
ffff0804 T _cleanup
ffff30cc T cleanup_glue
ffff06c0 T _cleanup_r
ffff34c8 T _close
ffff2668 T _close_r
ffff4600 b completed.6532
ffff4710 V __cs3_argc
ffff470c V __cs3_argv
ffff3a24 T __cs3_checkerror
00000000 A __cs3_heap_end
ffff45fc D __cs3_heap_limit
ffff4718 B __cs3_heap_start
ffff3a64 W __cs3_init_args
ffff0000 T __cs3_interrupt_vector
ffff0000 T __cs3_interrupt_vector_arm
ffff3c2c T __cs3_isr_dabort
ffff3c34 T __cs3_isr_fiq
ffff3c1c T __cs3_isr_interrupt
ffff3c30 T __cs3_isr_irq
ffff3c28 T __cs3_isr_pabort
ffff3c1c W __cs3_isr_reserved
ffff3c24 T __cs3_isr_swi
ffff3c20 T __cs3_isr_undef
ffff39ac T __cs3_newslot
ffff394c T __cs3_openslot
ffff3410 T __cs3_premain
fffe0000 ? __cs3_region_end_boot_rom
40000000 ? __cs3_region_end_ddr_sdram
00000000 T __cs3_region_end_ram
fffd0000 A __cs3_region_init_boot_rom
00100000 A __cs3_region_init_ddr_sdram
ffff0000 A __cs3_region_init_ram
00000000 A __cs3_region_init_size_boot_rom
00000000 A __cs3_region_init_size_ddr_sdram
00004600 A __cs3_region_init_size_ram
00000002 A __cs3_region_num
ffff3d84 R __cs3_regions
ffff3dac R __cs3_regions_end
00010000 A __cs3_region_size_boot_rom
3ff00000 A __cs3_region_size_ddr_sdram
00010000 A __cs3_region_size_ram
fffd0000 ? __cs3_region_start_boot_rom
00100000 ? __cs3_region_start_ddr_sdram
ffff0000 T __cs3_region_start_ram
00000000 A __cs3_region_zero_size_boot_rom
00000000 A __cs3_region_zero_size_ddr_sdram
00000118 A __cs3_region_zero_size_ram
ffff0040 T __cs3_reset
ffff0040 T __cs3_reset_cycloneV_dk_oc_ram
00000000 A __cs3_stack
ffff0044 T __cs3_start_c
ffff00e4 t deregister_tm_clones
ffff326c T __divsi3
ffff3274 t .divsi3_skip_div0_test
ffff014c t __do_global_dtors_aux
ffff3d80 r __do_global_dtors_aux_fini_array_entry
ffff3db4 D __dso_handle
ffff4600 D _edata
ffff3cc8 r __EH_FRAME_BEGIN__
ffff4718 B _end
ffff4718 B __end
ffff4664 B errno
ffff3c38 T __errno
ffff3db0 R _etext
ffff0248 T exit
ffff3560 T _exit
ffff27d0 T fclose
ffff26a4 T _fclose_r
ffff2aac T fflush
ffff2a14 T _fflush_r
ffff3d68 R _fini
ffff3d84 R __fini_array_end
ffff3d80 R __fini_array_start
ffff06d8 t __fp_lock
ffff0a40 T __fp_lock_all
ffff0704 t __fp_unlock
ffff0a68 T __fp_unlock_all
ffff0190 t frame_dummy
ffff3d60 r __frame_dummy_init_array_entry
ffff3cc8 r __FRAME_END__
ffff2be8 T _free_r
ffff3578 T _fstat
ffff31ec T _fstat_r
ffff0000 T _ftext
ffff0fcc T _fwalk
ffff1050 T _fwalk_reent
ffff33b8 W __generic_gxx_active_p
ffff33d4 W __generic_gxx_getspecific
ffff33c0 W __generic_gxx_key_create
ffff33c0 t __generic_gxx_key_create.localalias.2
ffff33cc W __generic_gxx_key_delete
ffff340c W __generic_gxx_mutex_destroy
ffff33e8 W __generic_gxx_mutex_init_function
ffff3408 W __generic_gxx_mutex_lock
ffff3404 W __generic_gxx_mutex_trylock
ffff3400 W __generic_gxx_mutex_unlock
ffff33c8 W __generic_gxx_once
ffff33ec W __generic_gxx_recursive_mutex_destroy
ffff33ec t __generic_gxx_recursive_mutex_destroy.localalias.0
ffff33e4 W __generic_gxx_recursive_mutex_init_function
ffff33e4 t __generic_gxx_recursive_mutex_init_function.localalias.1
ffff33fc W __generic_gxx_recursive_mutex_lock
ffff33f8 W __generic_gxx_recursive_mutex_trylock
ffff33f4 W __generic_gxx_recursive_mutex_unlock
ffff33dc W __generic_gxx_setspecific
ffff10dc T __getreent
ffff3db8 D _global_impure_ptr
ffff45f8 d heap.4450
ffff3dc0 d impure_data
ffff3dbc D _impure_ptr
ffff3d30 R _init
ffff3d68 R __init_array_end
ffff3d4c R __init_array_start
ffff0680 t __init___atexit_lock
ffff4708 b initialized.4653
ffff386c t initialize_monitor_handles.part.0
ffff1ec8 t __init___malloc_lock_object
ffff0a90 t __init___sfp_lock
ffff0aa8 t __init___sinit_lock
ffff35f8 T _isatty
ffff3230 T _isatty_r
ffff3db0 d __JCR_END__
ffff3db0 d __JCR_LIST__
ffff3d68 R __libc_fini
ffff0ac0 T __libc_fini_array
ffff3c48 T __libc_init_array
ffff3648 T _lseek
ffff2ed4 T _lseek_r
ffff01ec T main
ffff41e8 D __malloc_av_
ffff4630 B __malloc_current_mallinfo
ffff1e98 T __malloc_lock
ffff4660 b __malloc_lock_object
ffff4658 B __malloc_max_sbrked_mem
ffff465c B __malloc_max_total_mem
ffff10ec T _malloc_r
ffff45f0 D __malloc_sbrk_base
ffff462c B __malloc_top_pad
ffff2ae8 T _malloc_trim_r
ffff45f4 D __malloc_trim_threshold
ffff1eb0 T __malloc_unlock
ffff1864 T memchr
ffff1970 T memcpy
ffff1c78 T memmove
ffff1da4 T memset
ffff4604 b object.6537
ffff4668 b openfiles
ffff3d4c R __preinit_array_end
ffff3d48 R __preinit_array_start
ffff0390 T puts
ffff027c T _puts_r
ffff3738 T _read
ffff3084 T _read_r
ffff1ee0 T _realloc_r
ffff30f8 T _reclaim_reent
ffff0408 T __register_exitproc
ffff0698 t register_fini
ffff0114 t register_tm_clones
ffff37f8 T _sbrk
ffff23b4 T _sbrk_r
ffff24bc T __sclose
ffff242c T __seofread
ffff27e8 T __sflush_r
ffff07b4 T __sfmoreglue
ffff08bc T __sfp
ffff4628 b __sfp_lock
ffff09e0 T __sfp_lock_acquire
ffff09f8 T __sfp_lock_release
ffff0b04 T __sfvwrite_r
ffff0828 T __sinit
ffff4624 b __sinit_lock
ffff0a10 T __sinit_lock_acquire
ffff0a28 T __sinit_lock_release
ffff2f1c T __smakebuf_r
ffff23f8 T __sread
ffff248c T __sseek
ffff00d8 T _start
ffff0730 t std.isra.0
ffff03a8 T strlen
ffff2434 T __swrite
ffff2518 T __swsetup_r
ffff4600 D __TMC_END__
ffff345c t __vfp_init
ffff3798 T _write
ffff24d0 T _write_r
